13:37:31 **** Build of configuration Debug for project testFreeRTOSApp ****
make all 
'Building file: ../src/freertos_hello_world.c'
'Invoking: ARM gcc compiler'
arm-xilinx-eabi-gcc -Wall -O0 -g3 -c -fmessage-length=0 -MT"src/freertos_hello_world.o" -I../../freertos_zynq_bsp_0/ps7_cortexa9_0/include -MMD -MP -MF"src/freertos_hello_world.d" -MT"src/freertos_hello_world.d" -o "src/freertos_hello_world.o" "../src/freertos_hello_world.c"
'Finished building: ../src/freertos_hello_world.c'
' '
'Building target: testFreeRTOSApp.elf'
'Invoking: ARM gcc linker'
arm-xilinx-eabi-gcc -Wl,-T -Wl,../src/lscript.ld -L../../freertos_zynq_bsp_0/ps7_cortexa9_0/lib -o "testFreeRTOSApp.elf"  ./src/freertos_hello_world.o   -Wl,--start-group,-lxil,-lfreertos,-lgcc,-lc,--end-group -Wl,--start-group,-lxil,-llwip4,-lgcc,-lc,--end-group
'Finished building target: testFreeRTOSApp.elf'
' '
'Invoking: ARM Print Size'
arm-xilinx-eabi-size testFreeRTOSApp.elf  |tee "testFreeRTOSApp.elf.size"
   text	   data	    bss	    dec	    hex	filename
  68884	   3060	  23100	  95044	  17344	testFreeRTOSApp.elf
'Finished building: testFreeRTOSApp.elf.size'
' '

13:37:32 Build Finished (took 519ms)

